// Jest Snapshot v1, https://goo.gl/fbAQLP

exports[`Testing QuizResult component should render correctly in "debug" mode 1`] = `ShallowWrapper {}`;
