// Jest Snapshot v1, https://goo.gl/fbAQLP

exports[`Testing QuestionDisplay component should render correctly in "debug" mode 1`] = `ShallowWrapper {}`;
